// Jest Snapshot v1, https://goo.gl/fbAQLP

exports[`Index page component rendering 1`] = `
<React.Fragment>
  <Translate(Header) />
  <noscript>
    <Message
      heading="JavaScript Required"
      icon={[Function]}
      type="error"
    >
      <p>
        You need to enable JavaScript to use Regexper.
      </p>
      <p>
        If you have concerns regarding the use of tracking code on Regexper, please see the 
        <a
          href="/privacy.html"
        >
          Privacy Policy
        </a>
        .
      </p>
    </Message>
  </noscript>
  <Translate(App) />
  <Translate(Footer) />
</React.Fragment>
`;
