// Jest Snapshot v1, https://goo.gl/fbAQLP

exports[`Footer rendering 1`] = `
<footer>
  <ul>
    <li>
      <Trans>
        Created by 
        <a
          href="mailto:jeff.avallone@gmail.com"
        >
          Jeff Avallone
        </a>
      </Trans>
    </li>
    <li>
      <Trans
        i18nKey="Generated images licensed"
      >
        Generated images licensed: 
        <a
          href="http://creativecommons.org/licenses/by/3.0/"
          rel="license external noopener noreferrer"
          target="_blank"
        >
          <img
            alt="Creative Commons CC-BY-3.0 License"
            src="https://licensebuttons.net/l/by/3.0/80x15.png"
          />
        </a>
      </Trans>
    </li>
    <li>
      <a
        href="/privacy.html"
      >
        <Trans>
          Privacy Policy
        </Trans>
      </a>
    </li>
  </ul>
  <div
    className="buildId"
  >
    example build id
  </div>
</footer>
`;
