// Jest Snapshot v1, https://goo.gl/fbAQLP

exports[`Footer rendering 1`] = `
<footer>
  <ul
    className="inline with-separator"
  >
    <li>
      <Trans>
        Created by 
        <a
          href="mailto:jeff.avallone@gmail.com"
        >
          Jeff Avallone
        </a>
      </Trans>
    </li>
    <li>
      <Trans
        i18nKey="Generated images licensed"
      >
        Generated images licensed: 
        <a
          href="http://creativecommons.org/licenses/by/3.0/"
          rel="license"
        >
          <img
            alt="Creative Commons CC-BY-3.0 License"
            src="https://licensebuttons.net/l/by/3.0/80x15.png"
          />
        </a>
      </Trans>
    </li>
  </ul>
</footer>
`;
