// Jest Snapshot v1, https://goo.gl/fbAQLP

exports[`RavenError rendering 1`] = `
<Message
  className="error"
  heading="translate(An error has occurred)"
  icon={[Function]}
>
  <p>
    <Trans
      i18nKey="This error has been logged"
    >
      This error has been logged. You may also 
      <a
        href="#error-report"
        onClick={[Function]}
      >
        fill out a report
      </a>
      .
    </Trans>
  </p>
</Message>
`;
