// Jest Snapshot v1, https://goo.gl/fbAQLP

exports[`Header rendering 1`] = `
<header
  data-banner="testing"
>
  <h1>
    <a
      href="/"
    >
      Regexper
    </a>
  </h1>
  <ul
    className="inline"
  >
    <li>
      <a
        href="https://github.com/javallone/regexper-static"
      >
        <Component />
        <Trans>
          Source on GitHub
        </Trans>
      </a>
    </li>
  </ul>
</header>
`;
