// Jest Snapshot v1, https://goo.gl/fbAQLP

exports[`Header rendering 1`] = `
<header
  className="header"
  data-banner="testing"
>
  <h1>
    <a
      href="/"
    >
      Regexper
    </a>
  </h1>
  <ul>
    <li>
      <a
        href="https://github.com/javallone/regexper-static"
        rel="external noopener noreferrer"
        target="_blank"
      >
        <SvgMock />
        <Trans>
          Source on GitHub
        </Trans>
      </a>
    </li>
  </ul>
</header>
`;
