// Jest Snapshot v1, https://goo.gl/fbAQLP

exports[`App rendering 1`] = `
<React.Fragment>
  <Translate(Form)
    downloadUrls={Array []}
    onSubmit={[Function]}
    permalinkUrl="#permalink"
    syntaxes={
      Object {
        "js": "JavaScript",
        "pcre": "PCRE",
      }
    }
  />
  <Message
    heading="Sample Error"
    type="error"
  >
    <p>
      Sample error message
    </p>
  </Message>
  <Message
    heading="Sample Warning"
    type="warning"
  >
    <p>
      Sample warning message
    </p>
  </Message>
</React.Fragment>
`;
